
> peluquerias-app@0.1.0 dev
> next dev

  ▲ Next.js 14.2.33
  - Local:        http://localhost:3000
  - Environments: .env.local, .env

 ✓ Starting...
Warning: Reverting webpack devtool to 'eval-source-map'.
Changing the webpack devtool in development mode will cause severe performance regressions.
Read more: https://nextjs.org/docs/messages/improper-devtool
 ✓ Ready in 1134ms
 ⚠ Found a change in next.config.js. Restarting the server to apply the changes...
  ▲ Next.js 14.2.33
  - Local:        http://localhost:3000
  - Environments: .env.local, .env

 ✓ Starting...
 ✓ Ready in 1062ms
[?25h
